[mhat47-ip.myshopify.com/products/fritadeira-eletrica-sem-oleo-air-fryer-12l-1-800-watts-3-em-1-oven-fryer-oster.html]
[backblue.gif]
[fade.gif]
[index.html]
[mhat47-ip.myshopify.com/cdn/shop/t/4/assets/icon018252.png]
[cdn.jsdelivr.net/npm/jsbarcode@3.11.0/dist/JsBarcode.all.min.js]
[cdn.jsdelivr.net/gh/davidshimjs/qrcodejs@gh-pages/qrcode.min.js]
[code.jquery.com/jquery-3.6.4.min.js]
[cdnjs.cloudflare.com/ajax/libs/font-awesome/5.15.1/css/all.min.css]
[cdn.utmify.com.br/scripts/utms/latest.js]
[connect.facebook.net/en_US/fbevents.js]
[code.jquery.com/jquery-3.6.0.min.js]
[cdn.jsdelivr.net/npm/slick-carousel@1.8.1/slick/slick.css]
[mhat47-ip.myshopify.com/products/POST.c.delayed]
[mhat47-ip.myshopify.com/cdn/s/trekkie.storefront.319cb6b35d0642d127040b9727c41cbf77f04cee.min.js]
[mhat47-ip.myshopify.com/cdn/shopifycloud/shopify/assets/shop_events_listener-f55dd2979ec32029c7d9e0b454ab8b33f79c01ca039d17a6f5c9b95647564b19.js]
[mhat47-ip.myshopify.com/cdn/shopifycloud/perf-kit/shopify-perf-kit-1.6.6.min.js]
[cdn.jsdelivr.net/npm/slick-carousel@1.8.1/slick/slick.min.js]
[mhat47-ip.myshopify.com/products/fritadeira-eletrica-sem-oleo-air-fryer-12l-1-800-watts-3-em-1-oven-fryer-oster.oembed]
[mhat47-ip.myshopify.com/checkouts/internal/preloads4c33.js]
[cdn.shopify.com/shopifycloud/storefront-forms-hcaptcha/ce_storefront_forms_captcha_hcaptcha.v1.5.2.iife.js]
[mhat47-ip.myshopify.com/cdn/shopifycloud/shopify/assets/storefront/load_feature-c354cc1bc6f1fafc3e06e39f4fb0e1d9abdf763072ca394d606ca9f6f241e68a.js]
[mhat47-ip.myshopify.com/cdn/shopifycloud/portable-wallets/latest/portable-wallets.pt-br.js]
[mhat47-ip.myshopify.com/cdn/shopifycloud/portable-wallets/latest/accelerated-checkout-backwards-compat.css]
[mhat47-ip.myshopify.com/cdn/shop/t/4/assets/mini-style6e19.css]
[mhat47-ip.myshopify.com/cdn/shop/t/4/assets/mobile8f7b.css]
[i.pinimg.com/originals/6d/b9/31/6db931827443a7455a4b805fe5829820.png]
[mhat47-ip.myshopify.com/products/caixa-de-som-jbl-boombox-3-180w-ip67-preto-bluetooth-bivolt.html]
[mhat47-ip.myshopify.com/cdn/shopifycloud/shopify/assets/no-image-2048-5e88c1b20e087fb7bbe9a3771824e743c244f437e4f8ba93bbf7b11b53f7824c_large.gif]
[mhat47-ip.myshopify.com/products/ovo-talento-castanha-do-para-350g.html]
[mhat47-ip.myshopify.com/cdn/shop/files/Ovo-Talento-Castanha-do-Para-350g_0_large1932.jpg]
[mhat47-ip.myshopify.com/products/ovo-talento-meio-amargo-350g.html]
[mhat47-ip.myshopify.com/cdn/shop/files/Ovo-Talento-Meio-Amargo-350g_0_2_largeaa52.jpg]
[mhat47-ip.myshopify.com/cdn/shop/files/Ovo-Talento-Castanha-do-Para-350g_0ad77.jpg]
[mhat47-ip.myshopify.com/cdn/shop/files/Ovo-Talento-Meio-Amargo-350g_0_253e9.jpg]
[mhat47-ip.myshopify.com/cdn/shop/t/4/assets/desktop10767.css]
[deo.shopeemobile.com/shopee/shopee-pcmall-live-sg/productdetailspage/83e10a1f95cb083579c0.png]
[mhat47-ip.myshopify.com/cdn/shopifycloud/shopify/assets/no-image-2048-5e88c1b20e087fb7bbe9a3771824e743c244f437e4f8ba93bbf7b11b53f7824c.gif]
[mhat47-ip.myshopify.com/cdn/shop/files/Ovo-Talento-Castanha-do-Para-350g_01932.jpg]
[mhat47-ip.myshopify.com/cdn/shop/files/Ovo-Talento-Meio-Amargo-350g_0_2aa52.jpg]
[mhat47-ip.myshopify.com/products/url_string]
[www.mercadopago.com/v2/security.js]
[mhat47-ip.myshopify.com/cart/clear177b.js]
[mhat47-ip.myshopify.com/products/GET]
[mhat47-ip.myshopify.com/products/url]
[mhat47-ip.myshopify.com/products/window.location.href]
[mhat47-ip.myshopify.com/products/fritadeira-eletrica-sem-oleo-air-fryer-12l-1-800-watts-3-em-1-oven-fryer-oster.html]
[cdnjs.cloudflare.com/ajax/libs/font-awesome/5.15.1/css/all.min.css]
[mhat47-ip.myshopify.com/products/a]
[mhat47-ip.myshopify.com/products/b.resolvedLink]
[mhat47-ip.myshopify.com/products/schema.org/index.html]
[mhat47-ip.myshopify.com/products/d]
[mhat47-ip.myshopify.com/signals/iwl.js]
[mhat47-ip.myshopify.com/products/c.dl]
[mhat47-ip.myshopify.com/products/c.rl]
[connect.facebook.net/en_US/fbevents.js]
[cdn.jsdelivr.net/npm/slick-carousel@1.8.1/slick/slick.css]
[mhat47-ip.myshopify.com/products/POST.html]
[mhat47-ip.myshopify.com/cdn/shopifycloud/portable-wallets/latest/accelerated-checkout-backwards-compat.css]
[mhat47-ip.myshopify.com/cdn/shop/t/4/assets/mini-style6e19.css]
[deo.shopeemobile.com/shopee/shopee-mobilemall-live-sg/productdetailspage/c2cb044a1cd2e503857c.png]
[deo.shopeemobile.com/shopee/shopee-mobilemall-live-sg/rcmd/fa763da1c5366ee30ecde6a22186c5da.png]
[mhat47-ip.myshopify.com/cdn/shop/t/4/assets/mobile8f7b.css]
[mhat47-ip.myshopify.com/products/caixa-de-som-jbl-boombox-3-180w-ip67-preto-bluetooth-bivolt.oembed]
[mhat47-ip.myshopify.com/cdn/shopifycloud/shopify/assets/no-image-2048-5e88c1b20e087fb7bbe9a3771824e743c244f437e4f8ba93bbf7b11b53f7824c_600x600.gif]
[mhat47-ip.myshopify.com/products/caixa-de-som-jbl-boombox-3-180w-ip67-preto-bluetooth-bivolt.html]
[mhat47-ip.myshopify.com/products/ovo-talento-castanha-do-para-350g.oembed]
[mhat47-ip.myshopify.com/cdn/shop/files/Ovo-Talento-Castanha-do-Para-350g_0_600x6001932.jpg]
[mhat47-ip.myshopify.com/cdn/shop/files/Ovo-Talento-Castanha-do-Para-350g_0_1024x10241932.jpg]
[mhat47-ip.myshopify.com/cdn/shop/files/Ovo-Talento-Castanha-do-Para-350g_0_100x1001932.jpg]
[mhat47-ip.myshopify.com/products/ovo-talento-castanha-do-para-350g.html]
[mhat47-ip.myshopify.com/products/ovo-talento-meio-amargo-350g.oembed]
[mhat47-ip.myshopify.com/cdn/shop/files/Ovo-Talento-Meio-Amargo-350g_0_2_600x600aa52.jpg]
[mhat47-ip.myshopify.com/cdn/shop/files/Ovo-Talento-Meio-Amargo-350g_0_2_1024x1024aa52.jpg]
[mhat47-ip.myshopify.com/cdn/shop/files/Ovo-Talento-Meio-Amargo-350g_0_2_100x100aa52.jpg]
[mhat47-ip.myshopify.com/products/ovo-talento-meio-amargo-350g.html]
[deo.shopeemobile.com/shopee/shopee-pcmall-live-sg/rcmd/b3c9562746c271224aa8.png]
[mhat47-ip.myshopify.com/cdn/shop/t/4/assets/desktop10767.css]
[mhat47-ip.myshopify.com/products/url_string.html]
[mhat47-ip.myshopify.com/products/GET.html]
[mhat47-ip.myshopify.com/products/url.html]
[mhat47-ip.myshopify.com/products/window.location.href]
[mhat47-ip.myshopify.com/products/a.html]
[mhat47-ip.myshopify.com/products/schema.org/index.html]
[mhat47-ip.myshopify.com/products/b.resolvedLink]
[mhat47-ip.myshopify.com/products/d.html]
[mhat47-ip.myshopify.com/signals/iwl.js]
[mhat47-ip.myshopify.com/products/c.dl]
[mhat47-ip.myshopify.com/products/c.rl]
